// Jest Snapshot v1, https://goo.gl/fbAQLP

exports[`Display Render the display component  correctly 1`] = `
<div>
  <h1>
    0
  </h1>
</div>
`;

exports[`Render the display component  correctly 1`] = `
<div>
  <h1>
    0
  </h1>
</div>
`;
